<?xml version="1.0"?>
<link_info>
   <banner>TI ARM Linker PC v15.12.1.LTS</banner>
   <copyright>Copyright (c) 1996-2015 Texas Instruments Incorporated</copyright>
   <link_time>0x595499c2</link_time>
   <link_errors>0x0</link_errors>
   <output_file>labNine.out</output_file>
   <entry_point>
      <name>_c_int00</name>
      <address>0x6461</address>
   </entry_point>
   <input_file_list>
      <input_file id="fl-2">
         <path>.\</path>
         <kind>object</kind>
         <file>Timer.obj</file>
         <name>Timer.obj</name>
      </input_file>
      <input_file id="fl-3">
         <path>.\</path>
         <kind>object</kind>
         <file>button.obj</file>
         <name>button.obj</name>
      </input_file>
      <input_file id="fl-4">
         <path>.\</path>
         <kind>object</kind>
         <file>cliff.obj</file>
         <name>cliff.obj</name>
      </input_file>
      <input_file id="fl-5">
         <path>.\</path>
         <kind>object</kind>
         <file>ir.obj</file>
         <name>ir.obj</name>
      </input_file>
      <input_file id="fl-6">
         <path>.\</path>
         <kind>object</kind>
         <file>lcd.obj</file>
         <name>lcd.obj</name>
      </input_file>
      <input_file id="fl-7">
         <path>.\</path>
         <kind>object</kind>
         <file>main.obj</file>
         <name>main.obj</name>
      </input_file>
      <input_file id="fl-8">
         <path>.\</path>
         <kind>object</kind>
         <file>movement.obj</file>
         <name>movement.obj</name>
      </input_file>
      <input_file id="fl-9">
         <path>.\</path>
         <kind>object</kind>
         <file>music.obj</file>
         <name>music.obj</name>
      </input_file>
      <input_file id="fl-a">
         <path>.\</path>
         <kind>object</kind>
         <file>open_interface.obj</file>
         <name>open_interface.obj</name>
      </input_file>
      <input_file id="fl-b">
         <path>.\</path>
         <kind>object</kind>
         <file>servo.obj</file>
         <name>servo.obj</name>
      </input_file>
      <input_file id="fl-c">
         <path>.\</path>
         <kind>object</kind>
         <file>sonar.obj</file>
         <name>sonar.obj</name>
      </input_file>
      <input_file id="fl-d">
         <path>.\</path>
         <kind>object</kind>
         <file>tm4c123gh6pm_startup_ccs.obj</file>
         <name>tm4c123gh6pm_startup_ccs.obj</name>
      </input_file>
      <input_file id="fl-e">
         <path>.\</path>
         <kind>object</kind>
         <file>uart.obj</file>
         <name>uart.obj</name>
      </input_file>
      <input_file id="fl-c9">
         <path>C:\ti\ccsv6\tools\compiler\ti-cgt-arm_15.12.1.LTS\lib\</path>
         <kind>archive</kind>
         <file>rtsv7M4_T_le_v4SPD16_eabi.lib</file>
         <name>boot.obj</name>
      </input_file>
      <input_file id="fl-ca">
         <path>C:\ti\ccsv6\tools\compiler\ti-cgt-arm_15.12.1.LTS\lib\</path>
         <kind>archive</kind>
         <file>rtsv7M4_T_le_v4SPD16_eabi.lib</file>
         <name>copy_decompress_none.obj</name>
      </input_file>
      <input_file id="fl-cb">
         <path>C:\ti\ccsv6\tools\compiler\ti-cgt-arm_15.12.1.LTS\lib\</path>
         <kind>archive</kind>
         <file>rtsv7M4_T_le_v4SPD16_eabi.lib</file>
         <name>copy_decompress_rle.obj</name>
      </input_file>
      <input_file id="fl-cc">
         <path>C:\ti\ccsv6\tools\compiler\ti-cgt-arm_15.12.1.LTS\lib\</path>
         <kind>archive</kind>
         <file>rtsv7M4_T_le_v4SPD16_eabi.lib</file>
         <name>copy_zero_init.obj</name>
      </input_file>
      <input_file id="fl-cd">
         <path>C:\ti\ccsv6\tools\compiler\ti-cgt-arm_15.12.1.LTS\lib\</path>
         <kind>archive</kind>
         <file>rtsv7M4_T_le_v4SPD16_eabi.lib</file>
         <name>e_pow.obj</name>
      </input_file>
      <input_file id="fl-ce">
         <path>C:\ti\ccsv6\tools\compiler\ti-cgt-arm_15.12.1.LTS\lib\</path>
         <kind>archive</kind>
         <file>rtsv7M4_T_le_v4SPD16_eabi.lib</file>
         <name>e_sqrt.obj</name>
      </input_file>
      <input_file id="fl-cf">
         <path>C:\ti\ccsv6\tools\compiler\ti-cgt-arm_15.12.1.LTS\lib\</path>
         <kind>archive</kind>
         <file>rtsv7M4_T_le_v4SPD16_eabi.lib</file>
         <name>errno.obj</name>
      </input_file>
      <input_file id="fl-d0">
         <path>C:\ti\ccsv6\tools\compiler\ti-cgt-arm_15.12.1.LTS\lib\</path>
         <kind>archive</kind>
         <file>rtsv7M4_T_le_v4SPD16_eabi.lib</file>
         <name>exit.obj</name>
      </input_file>
      <input_file id="fl-d1">
         <path>C:\ti\ccsv6\tools\compiler\ti-cgt-arm_15.12.1.LTS\lib\</path>
         <kind>archive</kind>
         <file>rtsv7M4_T_le_v4SPD16_eabi.lib</file>
         <name>fd_add_t2.obj</name>
      </input_file>
      <input_file id="fl-d2">
         <path>C:\ti\ccsv6\tools\compiler\ti-cgt-arm_15.12.1.LTS\lib\</path>
         <kind>archive</kind>
         <file>rtsv7M4_T_le_v4SPD16_eabi.lib</file>
         <name>fd_cmp_t2.obj</name>
      </input_file>
      <input_file id="fl-d3">
         <path>C:\ti\ccsv6\tools\compiler\ti-cgt-arm_15.12.1.LTS\lib\</path>
         <kind>archive</kind>
         <file>rtsv7M4_T_le_v4SPD16_eabi.lib</file>
         <name>fd_div_t2.obj</name>
      </input_file>
      <input_file id="fl-d4">
         <path>C:\ti\ccsv6\tools\compiler\ti-cgt-arm_15.12.1.LTS\lib\</path>
         <kind>archive</kind>
         <file>rtsv7M4_T_le_v4SPD16_eabi.lib</file>
         <name>fd_mul_t2.obj</name>
      </input_file>
      <input_file id="fl-d5">
         <path>C:\ti\ccsv6\tools\compiler\ti-cgt-arm_15.12.1.LTS\lib\</path>
         <kind>archive</kind>
         <file>rtsv7M4_T_le_v4SPD16_eabi.lib</file>
         <name>fd_toi_t2.obj</name>
      </input_file>
      <input_file id="fl-d6">
         <path>C:\ti\ccsv6\tools\compiler\ti-cgt-arm_15.12.1.LTS\lib\</path>
         <kind>archive</kind>
         <file>rtsv7M4_T_le_v4SPD16_eabi.lib</file>
         <name>i_tofd_t2.obj</name>
      </input_file>
      <input_file id="fl-d7">
         <path>C:\ti\ccsv6\tools\compiler\ti-cgt-arm_15.12.1.LTS\lib\</path>
         <kind>archive</kind>
         <file>rtsv7M4_T_le_v4SPD16_eabi.lib</file>
         <name>memcpy_t2.obj</name>
      </input_file>
      <input_file id="fl-d8">
         <path>C:\ti\ccsv6\tools\compiler\ti-cgt-arm_15.12.1.LTS\lib\</path>
         <kind>archive</kind>
         <file>rtsv7M4_T_le_v4SPD16_eabi.lib</file>
         <name>memory.obj</name>
      </input_file>
      <input_file id="fl-d9">
         <path>C:\ti\ccsv6\tools\compiler\ti-cgt-arm_15.12.1.LTS\lib\</path>
         <kind>archive</kind>
         <file>rtsv7M4_T_le_v4SPD16_eabi.lib</file>
         <name>memset_t2.obj</name>
      </input_file>
      <input_file id="fl-da">
         <path>C:\ti\ccsv6\tools\compiler\ti-cgt-arm_15.12.1.LTS\lib\</path>
         <kind>archive</kind>
         <file>rtsv7M4_T_le_v4SPD16_eabi.lib</file>
         <name>mpu_init.obj</name>
      </input_file>
      <input_file id="fl-db">
         <path>C:\ti\ccsv6\tools\compiler\ti-cgt-arm_15.12.1.LTS\lib\</path>
         <kind>archive</kind>
         <file>rtsv7M4_T_le_v4SPD16_eabi.lib</file>
         <name>pre_init.obj</name>
      </input_file>
      <input_file id="fl-dc">
         <path>C:\ti\ccsv6\tools\compiler\ti-cgt-arm_15.12.1.LTS\lib\</path>
         <kind>archive</kind>
         <file>rtsv7M4_T_le_v4SPD16_eabi.lib</file>
         <name>printf.obj</name>
      </input_file>
      <input_file id="fl-dd">
         <path>C:\ti\ccsv6\tools\compiler\ti-cgt-arm_15.12.1.LTS\lib\</path>
         <kind>archive</kind>
         <file>rtsv7M4_T_le_v4SPD16_eabi.lib</file>
         <name>s_scalbn.obj</name>
      </input_file>
      <input_file id="fl-de">
         <path>C:\ti\ccsv6\tools\compiler\ti-cgt-arm_15.12.1.LTS\lib\</path>
         <kind>archive</kind>
         <file>rtsv7M4_T_le_v4SPD16_eabi.lib</file>
         <name>stkdepth_vars.obj</name>
      </input_file>
      <input_file id="fl-df">
         <path>C:\ti\ccsv6\tools\compiler\ti-cgt-arm_15.12.1.LTS\lib\</path>
         <kind>archive</kind>
         <file>rtsv7M4_T_le_v4SPD16_eabi.lib</file>
         <name>strcmp.obj</name>
      </input_file>
      <input_file id="fl-e0">
         <path>C:\ti\ccsv6\tools\compiler\ti-cgt-arm_15.12.1.LTS\lib\</path>
         <kind>archive</kind>
         <file>rtsv7M4_T_le_v4SPD16_eabi.lib</file>
         <name>strcpy.obj</name>
      </input_file>
      <input_file id="fl-e1">
         <path>C:\ti\ccsv6\tools\compiler\ti-cgt-arm_15.12.1.LTS\lib\</path>
         <kind>archive</kind>
         <file>rtsv7M4_T_le_v4SPD16_eabi.lib</file>
         <name>strlen.obj</name>
      </input_file>
      <input_file id="fl-e2">
         <path>C:\ti\ccsv6\tools\compiler\ti-cgt-arm_15.12.1.LTS\lib\</path>
         <kind>archive</kind>
         <file>rtsv7M4_T_le_v4SPD16_eabi.lib</file>
         <name>u_tofd_t2.obj</name>
      </input_file>
      <input_file id="fl-e3">
         <path>C:\ti\ccsv6\tools\compiler\ti-cgt-arm_15.12.1.LTS\lib\</path>
         <kind>archive</kind>
         <file>rtsv7M4_T_le_v4SPD16_eabi.lib</file>
         <name>vsnprintf.obj</name>
      </input_file>
      <input_file id="fl-e4">
         <path>C:\ti\ccsv6\tools\compiler\ti-cgt-arm_15.12.1.LTS\lib\</path>
         <kind>archive</kind>
         <file>rtsv7M4_T_le_v4SPD16_eabi.lib</file>
         <name>_lock.obj</name>
      </input_file>
      <input_file id="fl-e5">
         <path>C:\ti\ccsv6\tools\compiler\ti-cgt-arm_15.12.1.LTS\lib\</path>
         <kind>archive</kind>
         <file>rtsv7M4_T_le_v4SPD16_eabi.lib</file>
         <name>_printfi.obj</name>
      </input_file>
      <input_file id="fl-e6">
         <path>C:\ti\ccsv6\tools\compiler\ti-cgt-arm_15.12.1.LTS\lib\</path>
         <kind>archive</kind>
         <file>rtsv7M4_T_le_v4SPD16_eabi.lib</file>
         <name>args_main.obj</name>
      </input_file>
      <input_file id="fl-e7">
         <path>C:\ti\ccsv6\tools\compiler\ti-cgt-arm_15.12.1.LTS\lib\</path>
         <kind>archive</kind>
         <file>rtsv7M4_T_le_v4SPD16_eabi.lib</file>
         <name>atoi.obj</name>
      </input_file>
      <input_file id="fl-e8">
         <path>C:\ti\ccsv6\tools\compiler\ti-cgt-arm_15.12.1.LTS\lib\</path>
         <kind>archive</kind>
         <file>rtsv7M4_T_le_v4SPD16_eabi.lib</file>
         <name>autoinit.obj</name>
      </input_file>
      <input_file id="fl-e9">
         <path>C:\ti\ccsv6\tools\compiler\ti-cgt-arm_15.12.1.LTS\lib\</path>
         <kind>archive</kind>
         <file>rtsv7M4_T_le_v4SPD16_eabi.lib</file>
         <name>cpy_tbl.obj</name>
      </input_file>
      <input_file id="fl-ea">
         <path>C:\ti\ccsv6\tools\compiler\ti-cgt-arm_15.12.1.LTS\lib\</path>
         <kind>archive</kind>
         <file>rtsv7M4_T_le_v4SPD16_eabi.lib</file>
         <name>ctype.obj</name>
      </input_file>
      <input_file id="fl-eb">
         <path>C:\ti\ccsv6\tools\compiler\ti-cgt-arm_15.12.1.LTS\lib\</path>
         <kind>archive</kind>
         <file>rtsv7M4_T_le_v4SPD16_eabi.lib</file>
         <name>defs.obj</name>
      </input_file>
      <input_file id="fl-ec">
         <path>C:\ti\ccsv6\tools\compiler\ti-cgt-arm_15.12.1.LTS\lib\</path>
         <kind>archive</kind>
         <file>rtsv7M4_T_le_v4SPD16_eabi.lib</file>
         <name>fputc.obj</name>
      </input_file>
      <input_file id="fl-ed">
         <path>C:\ti\ccsv6\tools\compiler\ti-cgt-arm_15.12.1.LTS\lib\</path>
         <kind>archive</kind>
         <file>rtsv7M4_T_le_v4SPD16_eabi.lib</file>
         <name>fputs.obj</name>
      </input_file>
      <input_file id="fl-ee">
         <path>C:\ti\ccsv6\tools\compiler\ti-cgt-arm_15.12.1.LTS\lib\</path>
         <kind>archive</kind>
         <file>rtsv7M4_T_le_v4SPD16_eabi.lib</file>
         <name>lowlev.obj</name>
      </input_file>
      <input_file id="fl-ef">
         <path>C:\ti\ccsv6\tools\compiler\ti-cgt-arm_15.12.1.LTS\lib\</path>
         <kind>archive</kind>
         <file>rtsv7M4_T_le_v4SPD16_eabi.lib</file>
         <name>ltoa.obj</name>
      </input_file>
      <input_file id="fl-f0">
         <path>C:\ti\ccsv6\tools\compiler\ti-cgt-arm_15.12.1.LTS\lib\</path>
         <kind>archive</kind>
         <file>rtsv7M4_T_le_v4SPD16_eabi.lib</file>
         <name>memccpy.obj</name>
      </input_file>
      <input_file id="fl-f1">
         <path>C:\ti\ccsv6\tools\compiler\ti-cgt-arm_15.12.1.LTS\lib\</path>
         <kind>archive</kind>
         <file>rtsv7M4_T_le_v4SPD16_eabi.lib</file>
         <name>memchr.obj</name>
      </input_file>
      <input_file id="fl-f2">
         <path>C:\ti\ccsv6\tools\compiler\ti-cgt-arm_15.12.1.LTS\lib\</path>
         <kind>archive</kind>
         <file>rtsv7M4_T_le_v4SPD16_eabi.lib</file>
         <name>s_copysign.obj</name>
      </input_file>
      <input_file id="fl-f3">
         <path>C:\ti\ccsv6\tools\compiler\ti-cgt-arm_15.12.1.LTS\lib\</path>
         <kind>archive</kind>
         <file>rtsv7M4_T_le_v4SPD16_eabi.lib</file>
         <name>s_frexp.obj</name>
      </input_file>
      <input_file id="fl-f4">
         <path>C:\ti\ccsv6\tools\compiler\ti-cgt-arm_15.12.1.LTS\lib\</path>
         <kind>archive</kind>
         <file>rtsv7M4_T_le_v4SPD16_eabi.lib</file>
         <name>startup.obj</name>
      </input_file>
      <input_file id="fl-f5">
         <path>C:\ti\ccsv6\tools\compiler\ti-cgt-arm_15.12.1.LTS\lib\</path>
         <kind>archive</kind>
         <file>rtsv7M4_T_le_v4SPD16_eabi.lib</file>
         <name>strchr.obj</name>
      </input_file>
      <input_file id="fl-f6">
         <path>C:\ti\ccsv6\tools\compiler\ti-cgt-arm_15.12.1.LTS\lib\</path>
         <kind>archive</kind>
         <file>rtsv7M4_T_le_v4SPD16_eabi.lib</file>
         <name>strncpy.obj</name>
      </input_file>
      <input_file id="fl-f7">
         <path>C:\ti\ccsv6\tools\compiler\ti-cgt-arm_15.12.1.LTS\lib\</path>
         <kind>archive</kind>
         <file>rtsv7M4_T_le_v4SPD16_eabi.lib</file>
         <name>trgdrv.obj</name>
      </input_file>
      <input_file id="fl-f8">
         <path>C:\ti\ccsv6\tools\compiler\ti-cgt-arm_15.12.1.LTS\lib\</path>
         <kind>archive</kind>
         <file>rtsv7M4_T_le_v4SPD16_eabi.lib</file>
         <name>trgmsg.obj</name>
      </input_file>
      <input_file id="fl-f9">
         <path>C:\ti\ccsv6\tools\compiler\ti-cgt-arm_15.12.1.LTS\lib\</path>
         <kind>archive</kind>
         <file>rtsv7M4_T_le_v4SPD16_eabi.lib</file>
         <name>ull_div_t2.obj</name>
      </input_file>
      <input_file id="fl-fa">
         <path>C:\ti\ccsv6\tools\compiler\ti-cgt-arm_15.12.1.LTS\lib\</path>
         <kind>archive</kind>
         <file>rtsv7M4_T_le_v4SPD16_eabi.lib</file>
         <name>_io_perm.obj</name>
      </input_file>
      <input_file id="fl-fb">
         <path>C:\ti\ccsv6\tools\compiler\ti-cgt-arm_15.12.1.LTS\lib\</path>
         <kind>archive</kind>
         <file>rtsv7M4_T_le_v4SPD16_eabi.lib</file>
         <name>fflush.obj</name>
      </input_file>
      <input_file id="fl-fc">
         <path>C:\ti\ccsv6\tools\compiler\ti-cgt-arm_15.12.1.LTS\lib\</path>
         <kind>archive</kind>
         <file>rtsv7M4_T_le_v4SPD16_eabi.lib</file>
         <name>fseek.obj</name>
      </input_file>
      <input_file id="fl-fd">
         <path>C:\ti\ccsv6\tools\compiler\ti-cgt-arm_15.12.1.LTS\lib\</path>
         <kind>archive</kind>
         <file>rtsv7M4_T_le_v4SPD16_eabi.lib</file>
         <name>setvbuf.obj</name>
      </input_file>
      <input_file id="fl-fe">
         <path>C:\ti\ccsv6\tools\compiler\ti-cgt-arm_15.12.1.LTS\lib\</path>
         <kind>archive</kind>
         <file>rtsv7M4_T_le_v4SPD16_eabi.lib</file>
         <name>fopen.obj</name>
      </input_file>
      <input_file id="fl-ff">
         <path>C:\ti\ccsv6\tools\compiler\ti-cgt-arm_15.12.1.LTS\lib\</path>
         <kind>archive</kind>
         <file>rtsv7M4_T_le_v4SPD16_eabi.lib</file>
         <name>fclose.obj</name>
      </input_file>
      <input_file id="fl-100">
         <path>C:\ti\ccsv6\tools\compiler\ti-cgt-arm_15.12.1.LTS\lib\</path>
         <kind>archive</kind>
         <file>rtsv7M4_T_le_v4SPD16_eabi.lib</file>
         <name>remove.obj</name>
      </input_file>
      <input_file id="fl-101">
         <path>C:\ti\TivaWare_C_Series-2.1.2.111\driverlib\ccs\Debug\</path>
         <kind>archive</kind>
         <file>driverlib.lib</file>
         <name>interrupt.obj</name>
      </input_file>
      <input_file id="fl-102">
         <path>C:\ti\TivaWare_C_Series-2.1.2.111\driverlib\ccs\Debug\</path>
         <kind>archive</kind>
         <file>driverlib.lib</file>
         <name>cpu.obj</name>
      </input_file>
   </input_file_list>
   <object_component_list>
      <object_component id="oc-f">
         <name>.intvecs</name>
         <load_address>0x0</load_address>
         <run_address>0x0</run_address>
         <size>0x26c</size>
         <input_file_ref idref="fl-d"/>
      </object_component>
      <object_component id="oc-264">
         <name>.text</name>
         <load_address>0x26c</load_address>
         <run_address>0x26c</run_address>
         <size>0x1110</size>
         <input_file_ref idref="fl-e5"/>
      </object_component>
      <object_component id="oc-13b">
         <name>.text</name>
         <load_address>0x137c</load_address>
         <run_address>0x137c</run_address>
         <size>0xa84</size>
         <input_file_ref idref="fl-a"/>
      </object_component>
      <object_component id="oc-f1">
         <name>.text</name>
         <load_address>0x1e00</load_address>
         <run_address>0x1e00</run_address>
         <size>0x9ac</size>
         <input_file_ref idref="fl-cd"/>
      </object_component>
      <object_component id="oc-b2">
         <name>.text</name>
         <load_address>0x27ac</load_address>
         <run_address>0x27ac</run_address>
         <size>0x944</size>
         <input_file_ref idref="fl-7"/>
      </object_component>
      <object_component id="oc-12e">
         <name>.text</name>
         <load_address>0x30f0</load_address>
         <run_address>0x30f0</run_address>
         <size>0x6d0</size>
         <input_file_ref idref="fl-8"/>
      </object_component>
      <object_component id="oc-224">
         <name>.text</name>
         <load_address>0x37c0</load_address>
         <run_address>0x37c0</run_address>
         <size>0x3dc</size>
         <input_file_ref idref="fl-d8"/>
      </object_component>
      <object_component id="oc-113">
         <name>.text</name>
         <load_address>0x3b9c</load_address>
         <run_address>0x3b9c</run_address>
         <size>0x38c</size>
         <input_file_ref idref="fl-e"/>
      </object_component>
      <object_component id="oc-3ad">
         <name>.text</name>
         <load_address>0x3f28</load_address>
         <run_address>0x3f28</run_address>
         <size>0x324</size>
         <input_file_ref idref="fl-f7"/>
      </object_component>
      <object_component id="oc-2fa">
         <name>.text</name>
         <load_address>0x424c</load_address>
         <run_address>0x424c</run_address>
         <size>0x30c</size>
         <input_file_ref idref="fl-ee"/>
      </object_component>
      <object_component id="oc-10d">
         <name>.text</name>
         <load_address>0x4558</load_address>
         <run_address>0x4558</run_address>
         <size>0x2ec</size>
         <input_file_ref idref="fl-6"/>
      </object_component>
      <object_component id="oc-30a">
         <name>.text</name>
         <load_address>0x4844</load_address>
         <run_address>0x4844</run_address>
         <size>0x1f4</size>
         <input_file_ref idref="fl-f9"/>
      </object_component>
      <object_component id="oc-398">
         <name>.text</name>
         <load_address>0x4a38</load_address>
         <run_address>0x4a38</run_address>
         <size>0x1c4</size>
         <input_file_ref idref="fl-fe"/>
      </object_component>
      <object_component id="oc-e0">
         <name>.text</name>
         <load_address>0x4bfc</load_address>
         <run_address>0x4bfc</run_address>
         <size>0x1c0</size>
         <input_file_ref idref="fl-c"/>
      </object_component>
      <object_component id="oc-185">
         <name>.text</name>
         <load_address>0x4dbc</load_address>
         <run_address>0x4dbc</run_address>
         <size>0x1b6</size>
         <input_file_ref idref="fl-d1"/>
      </object_component>
      <object_component id="oc-5c">
         <name>.text</name>
         <load_address>0x4f72</load_address>
         <run_address>0x4f72</run_address>
         <size>0x2</size>
         <input_file_ref idref="fl-da"/>
      </object_component>
      <object_component id="oc-18f">
         <name>.text</name>
         <load_address>0x4f74</load_address>
         <run_address>0x4f74</run_address>
         <size>0x170</size>
         <input_file_ref idref="fl-ce"/>
      </object_component>
      <object_component id="oc-e6">
         <name>.text</name>
         <load_address>0x50e4</load_address>
         <run_address>0x50e4</run_address>
         <size>0x15c</size>
         <input_file_ref idref="fl-5"/>
      </object_component>
      <object_component id="oc-125">
         <name>.text</name>
         <load_address>0x5240</load_address>
         <run_address>0x5240</run_address>
         <size>0x158</size>
         <input_file_ref idref="fl-2"/>
      </object_component>
      <object_component id="oc-141">
         <name>.text</name>
         <load_address>0x5398</load_address>
         <run_address>0x5398</run_address>
         <size>0x150</size>
         <input_file_ref idref="fl-9"/>
      </object_component>
      <object_component id="oc-18a">
         <name>.text</name>
         <load_address>0x54e8</load_address>
         <run_address>0x54e8</run_address>
         <size>0x136</size>
         <input_file_ref idref="fl-d3"/>
      </object_component>
      <object_component id="oc-aa">
         <name>.text</name>
         <load_address>0x561e</load_address>
         <run_address>0x561e</run_address>
         <size>0x2</size>
         <input_file_ref idref="fl-f4"/>
      </object_component>
      <object_component id="oc-25e">
         <name>.text</name>
         <load_address>0x5620</load_address>
         <run_address>0x5620</run_address>
         <size>0x134</size>
         <input_file_ref idref="fl-ed"/>
      </object_component>
      <object_component id="oc-101">
         <name>.text</name>
         <load_address>0x5754</load_address>
         <run_address>0x5754</run_address>
         <size>0x124</size>
         <input_file_ref idref="fl-b"/>
      </object_component>
      <object_component id="oc-f7">
         <name>.text</name>
         <load_address>0x5878</load_address>
         <run_address>0x5878</run_address>
         <size>0xfc</size>
         <input_file_ref idref="fl-d4"/>
      </object_component>
      <object_component id="oc-1a5">
         <name>.text</name>
         <load_address>0x5974</load_address>
         <run_address>0x5974</run_address>
         <size>0xfc</size>
         <input_file_ref idref="fl-dd"/>
      </object_component>
      <object_component id="oc-107">
         <name>.text</name>
         <load_address>0x5a70</load_address>
         <run_address>0x5a70</run_address>
         <size>0xf0</size>
         <input_file_ref idref="fl-3"/>
      </object_component>
      <object_component id="oc-35b">
         <name>.text</name>
         <load_address>0x5b60</load_address>
         <run_address>0x5b60</run_address>
         <size>0xdc</size>
         <input_file_ref idref="fl-fd"/>
      </object_component>
      <object_component id="oc-2f4">
         <name>.text</name>
         <load_address>0x5c3c</load_address>
         <run_address>0x5c3c</run_address>
         <size>0xc8</size>
         <input_file_ref idref="fl-fb"/>
      </object_component>
      <object_component id="oc-2ee">
         <name>.text</name>
         <load_address>0x5d04</load_address>
         <run_address>0x5d04</run_address>
         <size>0xac</size>
         <input_file_ref idref="fl-fa"/>
      </object_component>
      <object_component id="oc-37">
         <name>.text</name>
         <load_address>0x5db0</load_address>
         <run_address>0x5db0</run_address>
         <size>0x9c</size>
         <input_file_ref idref="fl-d7"/>
      </object_component>
      <object_component id="oc-3cd">
         <name>.text</name>
         <load_address>0x5e4c</load_address>
         <run_address>0x5e4c</run_address>
         <size>0x98</size>
         <input_file_ref idref="fl-ff"/>
      </object_component>
      <object_component id="oc-258">
         <name>.text</name>
         <load_address>0x5ee4</load_address>
         <run_address>0x5ee4</run_address>
         <size>0x98</size>
         <input_file_ref idref="fl-ec"/>
      </object_component>
      <object_component id="oc-1c5">
         <name>.text</name>
         <load_address>0x5f7c</load_address>
         <run_address>0x5f7c</run_address>
         <size>0x88</size>
         <input_file_ref idref="fl-e3"/>
      </object_component>
      <object_component id="oc-19b">
         <name>.text:__aeabi_cdcmple</name>
         <load_address>0x6004</load_address>
         <run_address>0x6004</run_address>
         <size>0x86</size>
         <input_file_ref idref="fl-d2"/>
      </object_component>
      <object_component id="oc-1a0">
         <name>.text:__aeabi_cdrcmple</name>
         <load_address>0x608a</load_address>
         <run_address>0x608a</run_address>
         <size>0x86</size>
         <input_file_ref idref="fl-d2"/>
      </object_component>
      <object_component id="oc-50">
         <name>.text</name>
         <load_address>0x6110</load_address>
         <run_address>0x6110</run_address>
         <size>0x7a</size>
         <input_file_ref idref="fl-d9"/>
      </object_component>
      <object_component id="oc-68">
         <name>.text</name>
         <load_address>0x618c</load_address>
         <run_address>0x618c</run_address>
         <size>0x70</size>
         <input_file_ref idref="fl-e8"/>
      </object_component>
      <object_component id="oc-147">
         <name>.text</name>
         <load_address>0x61fc</load_address>
         <run_address>0x61fc</run_address>
         <size>0x70</size>
         <input_file_ref idref="fl-dc"/>
      </object_component>
      <object_component id="oc-43">
         <name>.text</name>
         <load_address>0x626c</load_address>
         <run_address>0x626c</run_address>
         <size>0x6a</size>
         <input_file_ref idref="fl-cb"/>
      </object_component>
      <object_component id="oc-3da">
         <name>.text</name>
         <load_address>0x62d8</load_address>
         <run_address>0x62d8</run_address>
         <size>0x68</size>
         <input_file_ref idref="fl-f8"/>
      </object_component>
      <object_component id="oc-355">
         <name>.text</name>
         <load_address>0x6340</load_address>
         <run_address>0x6340</run_address>
         <size>0x64</size>
         <input_file_ref idref="fl-fc"/>
      </object_component>
      <object_component id="oc-315">
         <name>.text</name>
         <load_address>0x63a4</load_address>
         <run_address>0x63a4</run_address>
         <size>0x64</size>
         <input_file_ref idref="fl-f3"/>
      </object_component>
      <object_component id="oc-30f">
         <name>.text</name>
         <load_address>0x6408</load_address>
         <run_address>0x6408</run_address>
         <size>0x56</size>
         <input_file_ref idref="fl-ef"/>
      </object_component>
      <object_component id="oc-24">
         <name>.text</name>
         <load_address>0x6460</load_address>
         <run_address>0x6460</run_address>
         <size>0x54</size>
         <input_file_ref idref="fl-c9"/>
      </object_component>
      <object_component id="oc-74">
         <name>.text</name>
         <load_address>0x64b4</load_address>
         <run_address>0x64b4</run_address>
         <size>0x54</size>
         <input_file_ref idref="fl-d0"/>
      </object_component>
      <object_component id="oc-327">
         <name>.text</name>
         <load_address>0x6508</load_address>
         <run_address>0x6508</run_address>
         <size>0x4c</size>
         <input_file_ref idref="fl-e7"/>
      </object_component>
      <object_component id="oc-a4">
         <name>.text</name>
         <load_address>0x6554</load_address>
         <run_address>0x6554</run_address>
         <size>0x4c</size>
         <input_file_ref idref="fl-e9"/>
      </object_component>
      <object_component id="oc-fc">
         <name>.text</name>
         <load_address>0x65a0</load_address>
         <run_address>0x65a0</run_address>
         <size>0x48</size>
         <input_file_ref idref="fl-d5"/>
      </object_component>
      <object_component id="oc-119">
         <name>.text:IntRegister</name>
         <load_address>0x65e8</load_address>
         <run_address>0x65e8</run_address>
         <size>0x34</size>
         <input_file_ref idref="fl-101"/>
      </object_component>
      <object_component id="oc-368">
         <name>.text</name>
         <load_address>0x661c</load_address>
         <run_address>0x661c</run_address>
         <size>0x30</size>
         <input_file_ref idref="fl-f6"/>
      </object_component>
      <object_component id="oc-ec">
         <name>.text</name>
         <load_address>0x664c</load_address>
         <run_address>0x664c</run_address>
         <size>0x2e</size>
         <input_file_ref idref="fl-d6"/>
      </object_component>
      <object_component id="oc-302">
         <name>.text</name>
         <load_address>0x667a</load_address>
         <run_address>0x667a</run_address>
         <size>0x20</size>
         <input_file_ref idref="fl-f1"/>
      </object_component>
      <object_component id="oc-172">
         <name>.text</name>
         <load_address>0x669a</load_address>
         <run_address>0x669a</run_address>
         <size>0x20</size>
         <input_file_ref idref="fl-e2"/>
      </object_component>
      <object_component id="oc-321">
         <name>.text</name>
         <load_address>0x66ba</load_address>
         <run_address>0x66ba</run_address>
         <size>0x1c</size>
         <input_file_ref idref="fl-f0"/>
      </object_component>
      <object_component id="oc-22a">
         <name>.text:oi_parseInt</name>
         <load_address>0x66d6</load_address>
         <run_address>0x66d6</run_address>
         <size>0x18</size>
         <input_file_ref idref="fl-a"/>
      </object_component>
      <object_component id="oc-6e">
         <name>.text</name>
         <load_address>0x66f0</load_address>
         <run_address>0x66f0</run_address>
         <size>0x18</size>
         <input_file_ref idref="fl-e6"/>
      </object_component>
      <object_component id="oc-1cb">
         <name>.text</name>
         <load_address>0x6708</load_address>
         <run_address>0x6708</run_address>
         <size>0x18</size>
         <input_file_ref idref="fl-df"/>
      </object_component>
      <object_component id="oc-31b">
         <name>.text</name>
         <load_address>0x6720</load_address>
         <run_address>0x6720</run_address>
         <size>0x16</size>
         <input_file_ref idref="fl-f5"/>
      </object_component>
      <object_component id="oc-15f">
         <name>.text</name>
         <load_address>0x6738</load_address>
         <run_address>0x6738</run_address>
         <size>0x14</size>
         <input_file_ref idref="fl-e4"/>
      </object_component>
      <object_component id="oc-287">
         <name>.text</name>
         <load_address>0x674c</load_address>
         <run_address>0x674c</run_address>
         <size>0x14</size>
         <input_file_ref idref="fl-f2"/>
      </object_component>
      <object_component id="oc-1d1">
         <name>.text</name>
         <load_address>0x6760</load_address>
         <run_address>0x6760</run_address>
         <size>0x14</size>
         <input_file_ref idref="fl-e0"/>
      </object_component>
      <object_component id="oc-1e1">
         <name>.text</name>
         <load_address>0x6774</load_address>
         <run_address>0x6774</run_address>
         <size>0x14</size>
         <input_file_ref idref="fl-e1"/>
      </object_component>
      <object_component id="oc-11f">
         <name>.text:IntMasterEnable</name>
         <load_address>0x6788</load_address>
         <run_address>0x6788</run_address>
         <size>0x10</size>
         <input_file_ref idref="fl-101"/>
      </object_component>
      <object_component id="oc-1be">
         <name>.text:lcd_clear</name>
         <load_address>0x6798</load_address>
         <run_address>0x6798</run_address>
         <size>0x10</size>
         <input_file_ref idref="fl-6"/>
      </object_component>
      <object_component id="oc-12">
         <name>.text:decompress:none</name>
         <load_address>0x67a8</load_address>
         <run_address>0x67a8</run_address>
         <size>0xe</size>
         <input_file_ref idref="fl-ca"/>
      </object_component>
      <object_component id="oc-206">
         <name>.text:CPUcpsie</name>
         <load_address>0x67b6</load_address>
         <run_address>0x67b6</run_address>
         <size>0xc</size>
         <input_file_ref idref="fl-102"/>
      </object_component>
      <object_component id="oc-2e">
         <name>.text</name>
         <load_address>0x67c2</load_address>
         <run_address>0x67c2</run_address>
         <size>0xc</size>
         <input_file_ref idref="fl-d"/>
      </object_component>
      <object_component id="oc-18">
         <name>.text:decompress:rle24</name>
         <load_address>0x67ce</load_address>
         <run_address>0x67ce</run_address>
         <size>0x6</size>
         <input_file_ref idref="fl-cb"/>
      </object_component>
      <object_component id="oc-62">
         <name>.text</name>
         <load_address>0x67d4</load_address>
         <run_address>0x67d4</run_address>
         <size>0x4</size>
         <input_file_ref idref="fl-db"/>
      </object_component>
      <object_component id="oc-388">
         <name>.const:.string:_ctypes_</name>
         <load_address>0x67d8</load_address>
         <run_address>0x67d8</run_address>
         <size>0x101</size>
         <input_file_ref idref="fl-ea"/>
      </object_component>
      <object_component id="oc-24a">
         <name>.const:.string:$P$T6$7</name>
         <load_address>0x68d9</load_address>
         <run_address>0x68d9</run_address>
         <size>0x41</size>
         <input_file_ref idref="fl-9"/>
      </object_component>
      <object_component id="oc-24d">
         <name>.const:.string:$P$T7$8</name>
         <load_address>0x691a</load_address>
         <run_address>0x691a</run_address>
         <size>0x41</size>
         <input_file_ref idref="fl-9"/>
      </object_component>
      <object_component id="oc-244">
         <name>.const:.string:$P$T4$5</name>
         <load_address>0x695b</load_address>
         <run_address>0x695b</run_address>
         <size>0x31</size>
         <input_file_ref idref="fl-9"/>
      </object_component>
      <object_component id="oc-247">
         <name>.const:.string:$P$T5$6</name>
         <load_address>0x698c</load_address>
         <run_address>0x698c</run_address>
         <size>0x31</size>
         <input_file_ref idref="fl-9"/>
      </object_component>
      <object_component id="oc-198">
         <name>.const:$O1$$</name>
         <load_address>0x69c0</load_address>
         <run_address>0x69c0</run_address>
         <size>0x30</size>
         <input_file_ref idref="fl-cd"/>
      </object_component>
      <object_component id="oc-23e">
         <name>.const:.string:$P$T2$3</name>
         <load_address>0x69f0</load_address>
         <run_address>0x69f0</run_address>
         <size>0x13</size>
         <input_file_ref idref="fl-9"/>
      </object_component>
      <object_component id="oc-241">
         <name>.const:.string:$P$T3$4</name>
         <load_address>0x6a03</load_address>
         <run_address>0x6a03</run_address>
         <size>0x13</size>
         <input_file_ref idref="fl-9"/>
      </object_component>
      <object_component id="oc-232">
         <name>.const:.string:$P$T0$3</name>
         <load_address>0x6a16</load_address>
         <run_address>0x6a16</run_address>
         <size>0xf</size>
         <input_file_ref idref="fl-a"/>
      </object_component>
      <object_component id="oc-238">
         <name>.const:.string:$P$T0$1</name>
         <load_address>0x6a25</load_address>
         <run_address>0x6a25</run_address>
         <size>0xb</size>
         <input_file_ref idref="fl-9"/>
      </object_component>
      <object_component id="oc-23b">
         <name>.const:.string:$P$T1$2</name>
         <load_address>0x6a30</load_address>
         <run_address>0x6a30</run_address>
         <size>0xb</size>
         <input_file_ref idref="fl-9"/>
      </object_component>
      <object_component id="oc-250">
         <name>.const:.string:$P$T8$9</name>
         <load_address>0x6a3b</load_address>
         <run_address>0x6a3b</run_address>
         <size>0xb</size>
         <input_file_ref idref="fl-9"/>
      </object_component>
      <object_component id="oc-253">
         <name>.const:.string:$P$T9$10</name>
         <load_address>0x6a46</load_address>
         <run_address>0x6a46</run_address>
         <size>0xb</size>
         <input_file_ref idref="fl-9"/>
      </object_component>
      <object_component id="oc-1fc">
         <name>.const:.string:$P$T0$1</name>
         <load_address>0x6a51</load_address>
         <run_address>0x6a51</run_address>
         <size>0xa</size>
         <input_file_ref idref="fl-e"/>
      </object_component>
      <object_component id="oc-1d7">
         <name>.const:.string:lineAddress$1</name>
         <load_address>0x6a5b</load_address>
         <run_address>0x6a5b</run_address>
         <size>0x4</size>
         <input_file_ref idref="fl-6"/>
      </object_component>
      <object_component id="oc-1d8">
         <name>.const:.string:lineAddresses$2</name>
         <load_address>0x6a5f</load_address>
         <run_address>0x6a5f</run_address>
         <size>0x4</size>
         <input_file_ref idref="fl-6"/>
      </object_component>
      <object_component id="oc-296">
         <name>.const:.string</name>
         <load_address>0x6a64</load_address>
         <run_address>0x6a64</run_address>
         <size>0x2</size>
         <input_file_ref idref="fl-b"/>
      </object_component>
      <object_component id="oc-422">
         <name>.cinit..data.load</name>
         <load_address>0x6a68</load_address>
         <run_address>0x6a68</run_address>
         <size>0x129</size>
      </object_component>
      <object_component id="oc-423">
         <name>.cinit..bss.load</name>
         <load_address>0x6b98</load_address>
         <run_address>0x6b98</run_address>
         <size>0xb</size>
      </object_component>
      <object_component id="oc-421">
         <name>.cinit..vtable.load</name>
         <load_address>0x6ba8</load_address>
         <run_address>0x6ba8</run_address>
         <size>0xb</size>
      </object_component>
      <object_component id="oc-41f">
         <name>__TI_handler_table</name>
         <load_address>0x6bb4</load_address>
         <run_address>0x6bb4</run_address>
         <size>0x8</size>
      </object_component>
      <object_component id="oc-420">
         <name>__TI_cinit_table</name>
         <load_address>0x6bbc</load_address>
         <run_address>0x6bbc</run_address>
         <size>0x18</size>
      </object_component>
      <object_component id="oc-201">
         <name>.vtable</name>
         <uninitialized>true</uninitialized>
         <run_address>0x20000000</run_address>
         <size>0x26c</size>
         <input_file_ref idref="fl-101"/>
      </object_component>
      <object_component id="oc-1b9">
         <name>.data</name>
         <load_address>0x20002012</load_address>
         <run_address>0x20002012</run_address>
         <size>0x1</size>
         <input_file_ref idref="fl-3"/>
      </object_component>
      <object_component id="oc-12b">
         <name>.data</name>
         <load_address>0x20001f48</load_address>
         <run_address>0x20001f48</run_address>
         <size>0x50</size>
         <input_file_ref idref="fl-7"/>
      </object_component>
      <object_component id="oc-218">
         <name>.data</name>
         <load_address>0x20001fd8</load_address>
         <run_address>0x20001fd8</run_address>
         <size>0x20</size>
         <input_file_ref idref="fl-8"/>
      </object_component>
      <object_component id="oc-231">
         <name>.data</name>
         <load_address>0x2000202c</load_address>
         <run_address>0x2000202c</run_address>
         <size>0x10</size>
         <input_file_ref idref="fl-a"/>
      </object_component>
      <object_component id="oc-1b5">
         <name>.data</name>
         <load_address>0x20002014</load_address>
         <run_address>0x20002014</run_address>
         <size>0x18</size>
         <input_file_ref idref="fl-b"/>
      </object_component>
      <object_component id="oc-17c">
         <name>.data</name>
         <load_address>0x20002090</load_address>
         <run_address>0x20002090</run_address>
         <size>0x4</size>
         <input_file_ref idref="fl-c"/>
      </object_component>
      <object_component id="oc-1ea">
         <name>.data:but6</name>
         <load_address>0x20002080</load_address>
         <run_address>0x20002080</run_address>
         <size>0x4</size>
         <input_file_ref idref="fl-e"/>
      </object_component>
      <object_component id="oc-1ed">
         <name>.data:but5</name>
         <load_address>0x20001fd5</load_address>
         <run_address>0x20001fd5</run_address>
         <size>0x3</size>
         <input_file_ref idref="fl-e"/>
      </object_component>
      <object_component id="oc-1f0">
         <name>.data:but4</name>
         <load_address>0x20001ff8</load_address>
         <run_address>0x20001ff8</run_address>
         <size>0x1a</size>
         <input_file_ref idref="fl-e"/>
      </object_component>
      <object_component id="oc-1f3">
         <name>.data:but3</name>
         <load_address>0x20002078</load_address>
         <run_address>0x20002078</run_address>
         <size>0x8</size>
         <input_file_ref idref="fl-e"/>
      </object_component>
      <object_component id="oc-1f6">
         <name>.data:but2</name>
         <load_address>0x20002064</load_address>
         <run_address>0x20002064</run_address>
         <size>0xa</size>
         <input_file_ref idref="fl-e"/>
      </object_component>
      <object_component id="oc-1f9">
         <name>.data:but1</name>
         <load_address>0x20001f98</load_address>
         <run_address>0x20001f98</run_address>
         <size>0x3d</size>
         <input_file_ref idref="fl-e"/>
      </object_component>
      <object_component id="oc-1e7">
         <name>.data</name>
         <load_address>0x20002094</load_address>
         <run_address>0x20002094</run_address>
         <size>0x4</size>
         <input_file_ref idref="fl-e"/>
      </object_component>
      <object_component id="oc-195">
         <name>.data</name>
         <load_address>0x20002084</load_address>
         <run_address>0x20002084</run_address>
         <size>0x4</size>
         <input_file_ref idref="fl-cf"/>
      </object_component>
      <object_component id="oc-ba">
         <name>.data:$O1$$</name>
         <load_address>0x2000204c</load_address>
         <run_address>0x2000204c</run_address>
         <size>0xc</size>
         <input_file_ref idref="fl-d0"/>
      </object_component>
      <object_component id="oc-2d0">
         <name>.data:$O1$$</name>
         <load_address>0x20002058</load_address>
         <run_address>0x20002058</run_address>
         <size>0xc</size>
         <input_file_ref idref="fl-d8"/>
      </object_component>
      <object_component id="oc-7a">
         <name>.data</name>
         <load_address>0x2000208c</load_address>
         <run_address>0x2000208c</run_address>
         <size>0x4</size>
         <input_file_ref idref="fl-de"/>
      </object_component>
      <object_component id="oc-bd">
         <name>.data:$O1$$</name>
         <load_address>0x20002070</load_address>
         <run_address>0x20002070</run_address>
         <size>0x8</size>
         <input_file_ref idref="fl-e4"/>
      </object_component>
      <object_component id="oc-26a">
         <name>.data:_ftable</name>
         <load_address>0x20001d88</load_address>
         <run_address>0x20001d88</run_address>
         <size>0xf0</size>
         <input_file_ref idref="fl-eb"/>
      </object_component>
      <object_component id="oc-363">
         <name>.data</name>
         <load_address>0x2000203c</load_address>
         <run_address>0x2000203c</run_address>
         <size>0x10</size>
         <input_file_ref idref="fl-eb"/>
      </object_component>
      <object_component id="oc-36e">
         <name>.data:$O1$$</name>
         <load_address>0x20001e78</load_address>
         <run_address>0x20001e78</run_address>
         <size>0xd0</size>
         <input_file_ref idref="fl-ee"/>
      </object_component>
      <object_component id="oc-3d3">
         <name>.data</name>
         <load_address>0x20002088</load_address>
         <run_address>0x20002088</run_address>
         <size>0x4</size>
         <input_file_ref idref="fl-fe"/>
      </object_component>
      <object_component id="oc-1d9">
         <name>.bss:lastbuffer$3</name>
         <uninitialized>true</uninitialized>
         <run_address>0x20001c30</run_address>
         <size>0x54</size>
         <input_file_ref idref="fl-6"/>
      </object_component>
      <object_component id="oc-235">
         <name>.bss:firmware$2</name>
         <uninitialized>true</uninitialized>
         <run_address>0x20001d4c</run_address>
         <size>0x18</size>
         <input_file_ref idref="fl-a"/>
      </object_component>
      <object_component id="oc-3e0">
         <name>.bss:parmbuf</name>
         <uninitialized>true</uninitialized>
         <run_address>0x20001d64</run_address>
         <size>0x8</size>
         <input_file_ref idref="fl-f7"/>
      </object_component>
      <object_component id="oc-3f1">
         <name>.bss:_CIOBUF_</name>
         <uninitialized>true</uninitialized>
         <run_address>0x20001a70</run_address>
         <size>0x120</size>
         <input_file_ref idref="fl-f8"/>
      </object_component>
      <object_component id="oc-1ba">
         <name>.common:_prevButton</name>
         <uninitialized>true</uninitialized>
         <run_address>0x20001d80</run_address>
         <size>0x1</size>
      </object_component>
      <object_component id="oc-180">
         <name>.common:vals</name>
         <uninitialized>true</uninitialized>
         <run_address>0x20001a70</run_address>
         <size>0x0</size>
      </object_component>
      <object_component id="oc-134">
         <name>.common:firstObjects</name>
         <uninitialized>true</uninitialized>
         <run_address>0x20001c84</run_address>
         <size>0x28</size>
      </object_component>
      <object_component id="oc-138">
         <name>.common:lastObjects</name>
         <uninitialized>true</uninitialized>
         <run_address>0x20001cac</run_address>
         <size>0x28</size>
      </object_component>
      <object_component id="oc-139">
         <name>.common:objects</name>
         <uninitialized>true</uninitialized>
         <run_address>0x20001cd4</run_address>
         <size>0x28</size>
      </object_component>
      <object_component id="oc-137">
         <name>.common:objectsDistance</name>
         <uninitialized>true</uninitialized>
         <run_address>0x20001cfc</run_address>
         <size>0x28</size>
      </object_component>
      <object_component id="oc-13a">
         <name>.common:objectsWidth</name>
         <uninitialized>true</uninitialized>
         <run_address>0x20001d24</run_address>
         <size>0x28</size>
      </object_component>
      <object_component id="oc-14f">
         <name>.common:received</name>
         <uninitialized>true</uninitialized>
         <run_address>0x20001d82</run_address>
         <size>0x1</size>
      </object_component>
      <object_component id="oc-14d">
         <name>.common:new</name>
         <uninitialized>true</uninitialized>
         <run_address>0x20001d81</run_address>
         <size>0x1</size>
      </object_component>
      <object_component id="oc-14e">
         <name>.common:turn</name>
         <uninitialized>true</uninitialized>
         <run_address>0x20001d7c</run_address>
         <size>0x4</size>
      </object_component>
      <object_component id="oc-21b">
         <name>.common:quickSum</name>
         <uninitialized>true</uninitialized>
         <run_address>0x20001d74</run_address>
         <size>0x4</size>
      </object_component>
      <object_component id="oc-215">
         <name>.common:angleSum</name>
         <uninitialized>true</uninitialized>
         <run_address>0x20001d6c</run_address>
         <size>0x4</size>
      </object_component>
      <object_component id="oc-177">
         <name>.common:state</name>
         <uninitialized>true</uninitialized>
         <run_address>0x20001d83</run_address>
         <size>0x1</size>
      </object_component>
      <object_component id="oc-17a">
         <name>.common:rising_time</name>
         <uninitialized>true</uninitialized>
         <run_address>0x20001d78</run_address>
         <size>0x4</size>
      </object_component>
      <object_component id="oc-17b">
         <name>.common:falling_time</name>
         <uninitialized>true</uninitialized>
         <run_address>0x20001d70</run_address>
         <size>0x4</size>
      </object_component>
      <object_component id="oc-3ec">
         <name>.common:__TI_tmpnams</name>
         <uninitialized>true</uninitialized>
         <run_address>0x20001b90</run_address>
         <size>0xa0</size>
      </object_component>
      <object_component id="oc-2b">
         <name>.sysmem</name>
         <uninitialized>true</uninitialized>
         <run_address>0x20001270</run_address>
         <size>0x8</size>
         <input_file_ref idref="fl-d8"/>
      </object_component>
      <object_component id="oc-425">
         <name>.sysmem</name>
         <uninitialized>true</uninitialized>
         <run_address>0x20001270</run_address>
         <size>0x0</size>
      </object_component>
      <object_component id="oc-2a">
         <name>.stack</name>
         <uninitialized>true</uninitialized>
         <run_address>0x2000026c</run_address>
         <size>0x0</size>
         <input_file_ref idref="fl-c9"/>
      </object_component>
      <object_component id="oc-424">
         <name>.stack</name>
         <uninitialized>true</uninitialized>
         <run_address>0x2000026c</run_address>
         <size>0x0</size>
      </object_component>
      <object_component id="oc-126">
         <name>.debug_info</name>
         <load_address>0x0</load_address>
         <run_address>0x0</run_address>
         <size>0x3dc</size>
         <input_file_ref idref="fl-2"/>
      </object_component>
      <object_component id="oc-92">
         <name>.debug_info</name>
         <load_address>0x3dc</load_address>
         <run_address>0x3dc</run_address>
         <size>0x84</size>
         <input_file_ref idref="fl-2"/>
      </object_component>
      <object_component id="oc-85">
         <name>.debug_info</name>
         <load_address>0x460</load_address>
         <run_address>0x460</run_address>
         <size>0x18b</size>
         <input_file_ref idref="fl-2"/>
      </object_component>
      <object_component id="oc-20e">
         <name>.debug_info</name>
         <load_address>0x5eb</load_address>
         <run_address>0x5eb</run_address>
         <size>0x2c</size>
         <input_file_ref idref="fl-2"/>
      </object_component>
      <object_component id="oc-1bb">
         <name>.debug_info</name>
         <load_address>0x617</load_address>
         <run_address>0x617</run_address>
         <size>0xbe</size>
         <input_file_ref idref="fl-3"/>
      </object_component>
      <object_component id="oc-109">
         <name>.debug_info</name>
         <load_address>0x6d5</load_address>
         <run_address>0x6d5</run_address>
         <size>0x3c7</size>
         <input_file_ref idref="fl-3"/>
      </object_component>
      <object_component id="oc-2b2">
         <name>.debug_info</name>
         <load_address>0xa9c</load_address>
         <run_address>0xa9c</run_address>
         <size>0x11f</size>
         <input_file_ref idref="fl-4"/>
      </object_component>
      <object_component id="oc-2ad">
         <name>.debug_info</name>
         <load_address>0xbbb</load_address>
         <run_address>0xbbb</run_address>
         <size>0xc8</size>
         <input_file_ref idref="fl-4"/>
      </object_component>
      <object_component id="oc-21f">
         <name>.debug_info</name>
         <load_address>0xc83</load_address>
         <run_address>0xc83</run_address>
         <size>0x5aa</size>
         <input_file_ref idref="fl-4"/>
      </object_component>
      <object_component id="oc-1dc">
         <name>.debug_info</name>
         <load_address>0x122d</load_address>
         <run_address>0x122d</run_address>
         <size>0x4e</size>
         <input_file_ref idref="fl-4"/>
      </object_component>
      <object_component id="oc-181">
         <name>.debug_info</name>
         <load_address>0x127b</load_address>
         <run_address>0x127b</run_address>
         <size>0x12f</size>
         <input_file_ref idref="fl-5"/>
      </object_component>
      <object_component id="oc-e7">
         <name>.debug_info</name>
         <load_address>0x13aa</load_address>
         <run_address>0x13aa</run_address>
         <size>0x2f7</size>
         <input_file_ref idref="fl-5"/>
      </object_component>
      <object_component id="oc-1db">
         <name>.debug_info</name>
         <load_address>0x16a1</load_address>
         <run_address>0x16a1</run_address>
         <size>0x1c1</size>
         <input_file_ref idref="fl-6"/>
      </object_component>
      <object_component id="oc-1c0">
         <name>.debug_info</name>
         <load_address>0x1862</load_address>
         <run_address>0x1862</run_address>
         <size>0x10c</size>
         <input_file_ref idref="fl-6"/>
      </object_component>
      <object_component id="oc-111">
         <name>.debug_info</name>
         <load_address>0x196e</load_address>
         <run_address>0x196e</run_address>
         <size>0x82d</size>
         <input_file_ref idref="fl-6"/>
      </object_component>
      <object_component id="oc-135">
         <name>.debug_info</name>
         <load_address>0x219b</load_address>
         <run_address>0x219b</run_address>
         <size>0x6a1</size>
         <input_file_ref idref="fl-7"/>
      </object_component>
      <object_component id="oc-12c">
         <name>.debug_info</name>
         <load_address>0x283c</load_address>
         <run_address>0x283c</run_address>
         <size>0x36b</size>
         <input_file_ref idref="fl-7"/>
      </object_component>
      <object_component id="oc-b6">
         <name>.debug_info</name>
         <load_address>0x2ba7</load_address>
         <run_address>0x2ba7</run_address>
         <size>0xc7f</size>
         <input_file_ref idref="fl-7"/>
      </object_component>
      <object_component id="oc-151">
         <name>.debug_info</name>
         <load_address>0x3826</load_address>
         <run_address>0x3826</run_address>
         <size>0x8b</size>
         <input_file_ref idref="fl-7"/>
      </object_component>
      <object_component id="oc-216">
         <name>.debug_info</name>
         <load_address>0x38b1</load_address>
         <run_address>0x38b1</run_address>
         <size>0x273</size>
         <input_file_ref idref="fl-8"/>
      </object_component>
      <object_component id="oc-219">
         <name>.debug_info</name>
         <load_address>0x3b24</load_address>
         <run_address>0x3b24</run_address>
         <size>0x154</size>
         <input_file_ref idref="fl-8"/>
      </object_component>
      <object_component id="oc-12f">
         <name>.debug_info</name>
         <load_address>0x3c78</load_address>
         <run_address>0x3c78</run_address>
         <size>0xd1f</size>
         <input_file_ref idref="fl-8"/>
      </object_component>
      <object_component id="oc-257">
         <name>.debug_info</name>
         <load_address>0x4997</load_address>
         <run_address>0x4997</run_address>
         <size>0x257</size>
         <input_file_ref idref="fl-9"/>
      </object_component>
      <object_component id="oc-239">
         <name>.debug_info</name>
         <load_address>0x4bee</load_address>
         <run_address>0x4bee</run_address>
         <size>0xb4</size>
         <input_file_ref idref="fl-9"/>
      </object_component>
      <object_component id="oc-23c">
         <name>.debug_info</name>
         <load_address>0x4ca2</load_address>
         <run_address>0x4ca2</run_address>
         <size>0xb4</size>
         <input_file_ref idref="fl-9"/>
      </object_component>
      <object_component id="oc-23f">
         <name>.debug_info</name>
         <load_address>0x4d56</load_address>
         <run_address>0x4d56</run_address>
         <size>0xb4</size>
         <input_file_ref idref="fl-9"/>
      </object_component>
      <object_component id="oc-242">
         <name>.debug_info</name>
         <load_address>0x4e0a</load_address>
         <run_address>0x4e0a</run_address>
         <size>0xb4</size>
         <input_file_ref idref="fl-9"/>
      </object_component>
      <object_component id="oc-245">
         <name>.debug_info</name>
         <load_address>0x4ebe</load_address>
         <run_address>0x4ebe</run_address>
         <size>0xb4</size>
         <input_file_ref idref="fl-9"/>
      </object_component>
      <object_component id="oc-248">
         <name>.debug_info</name>
         <load_address>0x4f72</load_address>
         <run_address>0x4f72</run_address>
         <size>0xb4</size>
         <input_file_ref idref="fl-9"/>
      </object_component>
      <object_component id="oc-24b">
         <name>.debug_info</name>
         <load_address>0x5026</load_address>
         <run_address>0x5026</run_address>
         <size>0xb4</size>
         <input_file_ref idref="fl-9"/>
      </object_component>
      <object_component id="oc-24e">
         <name>.debug_info</name>
         <load_address>0x50da</load_address>
         <run_address>0x50da</run_address>
         <size>0xb4</size>
         <input_file_ref idref="fl-9"/>
      </object_component>
      <object_component id="oc-251">
         <name>.debug_info</name>
         <load_address>0x518e</load_address>
         <run_address>0x518e</run_address>
         <size>0xb4</size>
         <input_file_ref idref="fl-9"/>
      </object_component>
      <object_component id="oc-254">
         <name>.debug_info</name>
         <load_address>0x5242</load_address>
         <run_address>0x5242</run_address>
         <size>0xb6</size>
         <input_file_ref idref="fl-9"/>
      </object_component>
      <object_component id="oc-142">
         <name>.debug_info</name>
         <load_address>0x52f8</load_address>
         <run_address>0x52f8</run_address>
         <size>0x520</size>
         <input_file_ref idref="fl-9"/>
      </object_component>
      <object_component id="oc-237">
         <name>.debug_info</name>
         <load_address>0x5818</load_address>
         <run_address>0x5818</run_address>
         <size>0x272</size>
         <input_file_ref idref="fl-a"/>
      </object_component>
      <object_component id="oc-233">
         <name>.debug_info</name>
         <load_address>0x5a8a</load_address>
         <run_address>0x5a8a</run_address>
         <size>0xbe</size>
         <input_file_ref idref="fl-a"/>
      </object_component>
      <object_component id="oc-22b">
         <name>.debug_info</name>
         <load_address>0x5b48</load_address>
         <run_address>0x5b48</run_address>
         <size>0x136</size>
         <input_file_ref idref="fl-a"/>
      </object_component>
      <object_component id="oc-13c">
         <name>.debug_info</name>
         <load_address>0x5c7e</load_address>
         <run_address>0x5c7e</run_address>
         <size>0x14ce</size>
         <input_file_ref idref="fl-a"/>
      </object_component>
      <object_component id="oc-1b6">
         <name>.debug_info</name>
         <load_address>0x714c</load_address>
         <run_address>0x714c</run_address>
         <size>0x15a</size>
         <input_file_ref idref="fl-b"/>
      </object_component>
      <object_component id="oc-105">
         <name>.debug_info</name>
         <load_address>0x72a6</load_address>
         <run_address>0x72a6</run_address>
         <size>0x1a5</size>
         <input_file_ref idref="fl-b"/>
      </object_component>
      <object_component id="oc-178">
         <name>.debug_info</name>
         <load_address>0x744b</load_address>
         <run_address>0x744b</run_address>
         <size>0x181</size>
         <input_file_ref idref="fl-c"/>
      </object_component>
      <object_component id="oc-17d">
         <name>.debug_info</name>
         <load_address>0x75cc</load_address>
         <run_address>0x75cc</run_address>
         <size>0xb7</size>
         <input_file_ref idref="fl-c"/>
      </object_component>
      <object_component id="oc-e2">
         <name>.debug_info</name>
         <load_address>0x7683</load_address>
         <run_address>0x7683</run_address>
         <size>0x2cf</size>
         <input_file_ref idref="fl-c"/>
      </object_component>
      <object_component id="oc-275">
         <name>.debug_info</name>
         <load_address>0x7952</load_address>
         <run_address>0x7952</run_address>
         <size>0x44</size>
         <input_file_ref idref="fl-c"/>
      </object_component>
      <object_component id="oc-36">
         <name>.debug_info</name>
         <load_address>0x7996</load_address>
         <run_address>0x7996</run_address>
         <size>0xe7</size>
         <input_file_ref idref="fl-d"/>
      </object_component>
      <object_component id="oc-10">
         <name>.debug_info</name>
         <load_address>0x7a7d</load_address>
         <run_address>0x7a7d</run_address>
         <size>0xd2</size>
         <input_file_ref idref="fl-d"/>
      </object_component>
      <object_component id="oc-30">
         <name>.debug_info</name>
         <load_address>0x7b4f</load_address>
         <run_address>0x7b4f</run_address>
         <size>0x24e</size>
         <input_file_ref idref="fl-d"/>
      </object_component>
      <object_component id="oc-200">
         <name>.debug_info</name>
         <load_address>0x7d9d</load_address>
         <run_address>0x7d9d</run_address>
         <size>0x1bc</size>
         <input_file_ref idref="fl-e"/>
      </object_component>
      <object_component id="oc-1eb">
         <name>.debug_info</name>
         <load_address>0x7f59</load_address>
         <run_address>0x7f59</run_address>
         <size>0xae</size>
         <input_file_ref idref="fl-e"/>
      </object_component>
      <object_component id="oc-1ee">
         <name>.debug_info</name>
         <load_address>0x8007</load_address>
         <run_address>0x8007</run_address>
         <size>0xae</size>
         <input_file_ref idref="fl-e"/>
      </object_component>
      <object_component id="oc-1f1">
         <name>.debug_info</name>
         <load_address>0x80b5</load_address>
         <run_address>0x80b5</run_address>
         <size>0xae</size>
         <input_file_ref idref="fl-e"/>
      </object_component>
      <object_component id="oc-1f4">
         <name>.debug_info</name>
         <load_address>0x8163</load_address>
         <run_address>0x8163</run_address>
         <size>0xae</size>
         <input_file_ref idref="fl-e"/>
      </object_component>
      <object_component id="oc-1f7">
         <name>.debug_info</name>
         <load_address>0x8211</load_address>
         <run_address>0x8211</run_address>
         <size>0xae</size>
         <input_file_ref idref="fl-e"/>
      </object_component>
      <object_component id="oc-1fa">
         <name>.debug_info</name>
         <load_address>0x82bf</load_address>
         <run_address>0x82bf</run_address>
         <size>0xae</size>
         <input_file_ref idref="fl-e"/>
      </object_component>
      <object_component id="oc-1e8">
         <name>.debug_info</name>
         <load_address>0x836d</load_address>
         <run_address>0x836d</run_address>
         <size>0xae</size>
         <input_file_ref idref="fl-e"/>
      </object_component>
      <object_component id="oc-1fd">
         <name>.debug_info</name>
         <load_address>0x841b</load_address>
         <run_address>0x841b</run_address>
         <size>0xb3</size>
         <input_file_ref idref="fl-e"/>
      </object_component>
      <object_component id="oc-114">
         <name>.debug_info</name>
         <load_address>0x84ce</load_address>
         <run_address>0x84ce</run_address>
         <size>0x68a</size>
         <input_file_ref idref="fl-e"/>
      </object_component>
      <object_component id="oc-9a">
         <name>.debug_info</name>
         <load_address>0x8b58</load_address>
         <run_address>0x8b58</run_address>
         <size>0x2c</size>
         <input_file_ref idref="fl-e"/>
      </object_component>
      <object_component id="oc-25">
         <name>.debug_info</name>
         <load_address>0x8b84</load_address>
         <run_address>0x8b84</run_address>
         <size>0x17c</size>
         <input_file_ref idref="fl-c9"/>
      </object_component>
      <object_component id="oc-42">
         <name>.debug_info</name>
         <load_address>0x8d00</load_address>
         <run_address>0x8d00</run_address>
         <size>0x15c</size>
         <input_file_ref idref="fl-ca"/>
      </object_component>
      <object_component id="oc-13">
         <name>.debug_info</name>
         <load_address>0x8e5c</load_address>
         <run_address>0x8e5c</run_address>
         <size>0x1fb</size>
         <input_file_ref idref="fl-ca"/>
      </object_component>
      <object_component id="oc-3d">
         <name>.debug_info</name>
         <load_address>0x9057</load_address>
         <run_address>0x9057</run_address>
         <size>0x46</size>
         <input_file_ref idref="fl-ca"/>
      </object_component>
      <object_component id="oc-8b">
         <name>.debug_info</name>
         <load_address>0x909d</load_address>
         <run_address>0x909d</run_address>
         <size>0x2c</size>
         <input_file_ref idref="fl-ca"/>
      </object_component>
      <object_component id="oc-4a">
         <name>.debug_info</name>
         <load_address>0x90c9</load_address>
         <run_address>0x90c9</run_address>
         <size>0x150</size>
         <input_file_ref idref="fl-cb"/>
      </object_component>
      <object_component id="oc-45">
         <name>.debug_info</name>
         <load_address>0x9219</load_address>
         <run_address>0x9219</run_address>
         <size>0x263</size>
         <input_file_ref idref="fl-cb"/>
      </object_component>
      <object_component id="oc-19">
         <name>.debug_info</name>
         <load_address>0x947c</load_address>
         <run_address>0x947c</run_address>
         <size>0x1cd</size>
         <input_file_ref idref="fl-cb"/>
      </object_component>
      <object_component id="oc-4b">
         <name>.debug_info</name>
         <load_address>0x9649</load_address>
         <run_address>0x9649</run_address>
         <size>0x39</size>
         <input_file_ref idref="fl-cb"/>
      </object_component>
      <object_component id="oc-1ac">
         <name>.debug_info</name>
         <load_address>0x9682</load_address>
         <run_address>0x9682</run_address>
         <size>0x21d</size>
         <input_file_ref idref="fl-cd"/>
      </object_component>
      <object_component id="oc-199">
         <name>.debug_info</name>
         <load_address>0x989f</load_address>
         <run_address>0x989f</run_address>
         <size>0x139</size>
         <input_file_ref idref="fl-cd"/>
      </object_component>
      <object_component id="oc-f2">
         <name>.debug_info</name>
         <load_address>0x99d8</load_address>
         <run_address>0x99d8</run_address>
         <size>0xb91</size>
         <input_file_ref idref="fl-cd"/>
      </object_component>
      <object_component id="oc-1ae">
         <name>.debug_info</name>
         <load_address>0xa569</load_address>
         <run_address>0xa569</run_address>
         <size>0x39</size>
         <input_file_ref idref="fl-cd"/>
      </object_component>
      <object_component id="oc-280">
         <name>.debug_info</name>
         <load_address>0xa5a2</load_address>
         <run_address>0xa5a2</run_address>
         <size>0x165</size>
         <input_file_ref idref="fl-ce"/>
      </object_component>
      <object_component id="oc-191">
         <name>.debug_info</name>
         <load_address>0xa707</load_address>
         <run_address>0xa707</run_address>
         <size>0x25c</size>
         <input_file_ref idref="fl-ce"/>
      </object_component>
      <object_component id="oc-196">
         <name>.debug_info</name>
         <load_address>0xa963</load_address>
         <run_address>0xa963</run_address>
         <size>0x10f</size>
         <input_file_ref idref="fl-cf"/>
      </object_component>
      <object_component id="oc-c1">
         <name>.debug_info</name>
         <load_address>0xaa72</load_address>
         <run_address>0xaa72</run_address>
         <size>0x250</size>
         <input_file_ref idref="fl-d0"/>
      </object_component>
      <object_component id="oc-bb">
         <name>.debug_info</name>
         <load_address>0xacc2</load_address>
         <run_address>0xacc2</run_address>
         <size>0x1a1</size>
         <input_file_ref idref="fl-d0"/>
      </object_component>
      <object_component id="oc-76">
         <name>.debug_info</name>
         <load_address>0xae63</load_address>
         <run_address>0xae63</run_address>
         <size>0x230</size>
         <input_file_ref idref="fl-d0"/>
      </object_component>
      <object_component id="oc-186">
         <name>.debug_info</name>
         <load_address>0xb093</load_address>
         <run_address>0xb093</run_address>
         <size>0x160</size>
         <input_file_ref idref="fl-d1"/>
      </object_component>
      <object_component id="oc-19c">
         <name>.debug_info</name>
         <load_address>0xb1f3</load_address>
         <run_address>0xb1f3</run_address>
         <size>0x13c</size>
         <input_file_ref idref="fl-d2"/>
      </object_component>
      <object_component id="oc-1a1">
         <name>.debug_info</name>
         <load_address>0xb32f</load_address>
         <run_address>0xb32f</run_address>
         <size>0x13e</size>
         <input_file_ref idref="fl-d2"/>
      </object_component>
      <object_component id="oc-18c">
         <name>.debug_info</name>
         <load_address>0xb46d</load_address>
         <run_address>0xb46d</run_address>
         <size>0x14e</size>
         <input_file_ref idref="fl-d3"/>
      </object_component>
      <object_component id="oc-f8">
         <name>.debug_info</name>
         <load_address>0xb5bb</load_address>
         <run_address>0xb5bb</run_address>
         <size>0x14e</size>
         <input_file_ref idref="fl-d4"/>
      </object_component>
      <object_component id="oc-fd">
         <name>.debug_info</name>
         <load_address>0xb709</load_address>
         <run_address>0xb709</run_address>
         <size>0x142</size>
         <input_file_ref idref="fl-d5"/>
      </object_component>
      <object_component id="oc-ee">
         <name>.debug_info</name>
         <load_address>0xb84b</load_address>
         <run_address>0xb84b</run_address>
         <size>0x140</size>
         <input_file_ref idref="fl-d6"/>
      </object_component>
      <object_component id="oc-38">
         <name>.debug_info</name>
         <load_address>0xb98b</load_address>
         <run_address>0xb98b</run_address>
         <size>0x12d</size>
         <input_file_ref idref="fl-d7"/>
      </object_component>
      <object_component id="oc-80">
         <name>.debug_info</name>
         <load_address>0xbab8</load_address>
         <run_address>0xbab8</run_address>
         <size>0x23e</size>
         <input_file_ref idref="fl-d8"/>
      </object_component>
      <object_component id="oc-2c">
         <name>.debug_info</name>
         <load_address>0xbcf6</load_address>
         <run_address>0xbcf6</run_address>
         <size>0x11d</size>
         <input_file_ref idref="fl-d8"/>
      </object_component>
      <object_component id="oc-2d1">
         <name>.debug_info</name>
         <load_address>0xbe13</load_address>
         <run_address>0xbe13</run_address>
         <size>0x168</size>
         <input_file_ref idref="fl-d8"/>
      </object_component>
      <object_component id="oc-225">
         <name>.debug_info</name>
         <load_address>0xbf7b</load_address>
         <run_address>0xbf7b</run_address>
         <size>0x8a7</size>
         <input_file_ref idref="fl-d8"/>
      </object_component>
      <object_component id="oc-c7">
         <name>.debug_info</name>
         <load_address>0xc822</load_address>
         <run_address>0xc822</run_address>
         <size>0x2c</size>
         <input_file_ref idref="fl-d8"/>
      </object_component>
      <object_component id="oc-cc">
         <name>.debug_info</name>
         <load_address>0xc84e</load_address>
         <run_address>0xc84e</run_address>
         <size>0x62</size>
         <input_file_ref idref="fl-d8"/>
      </object_component>
      <object_component id="oc-51">
         <name>.debug_info</name>
         <load_address>0xc8b0</load_address>
         <run_address>0xc8b0</run_address>
         <size>0x15b</size>
         <input_file_ref idref="fl-d9"/>
      </object_component>
      <object_component id="oc-60">
         <name>.debug_info</name>
         <load_address>0xca0b</load_address>
         <run_address>0xca0b</run_address>
         <size>0x154</size>
         <input_file_ref idref="fl-da"/>
      </object_component>
      <object_component id="oc-65">
         <name>.debug_info</name>
         <load_address>0xcb5f</load_address>
         <run_address>0xcb5f</run_address>
         <size>0x164</size>
         <input_file_ref idref="fl-db"/>
      </object_component>
      <object_component id="oc-26e">
         <name>.debug_info</name>
         <load_address>0xccc3</load_address>
         <run_address>0xccc3</run_address>
         <size>0x248</size>
         <input_file_ref idref="fl-dc"/>
      </object_component>
      <object_component id="oc-148">
         <name>.debug_info</name>
         <load_address>0xcf0b</load_address>
         <run_address>0xcf0b</run_address>
         <size>0x2a0</size>
         <input_file_ref idref="fl-dc"/>
      </object_component>
      <object_component id="oc-33f">
         <name>.debug_info</name>
         <load_address>0xd1ab</load_address>
         <run_address>0xd1ab</run_address>
         <size>0xae</size>
         <input_file_ref idref="fl-dc"/>
      </object_component>
      <object_component id="oc-293">
         <name>.debug_info</name>
         <load_address>0xd259</load_address>
         <run_address>0xd259</run_address>
         <size>0x198</size>
         <input_file_ref idref="fl-dd"/>
      </object_component>
      <object_component id="oc-1a9">
         <name>.debug_info</name>
         <load_address>0xd3f1</load_address>
         <run_address>0xd3f1</run_address>
         <size>0x1f1</size>
         <input_file_ref idref="fl-dd"/>
      </object_component>
      <object_component id="oc-28e">
         <name>.debug_info</name>
         <load_address>0xd5e2</load_address>
         <run_address>0xd5e2</run_address>
         <size>0x2c</size>
         <input_file_ref idref="fl-dd"/>
      </object_component>
      <object_component id="oc-7b">
         <name>.debug_info</name>
         <load_address>0xd60e</load_address>
         <run_address>0xd60e</run_address>
         <size>0x125</size>
         <input_file_ref idref="fl-de"/>
      </object_component>
      <object_component id="oc-2a8">
         <name>.debug_info</name>
         <load_address>0xd733</load_address>
         <run_address>0xd733</run_address>
         <size>0x101</size>
         <input_file_ref idref="fl-df"/>
      </object_component>
      <object_component id="oc-1ce">
         <name>.debug_info</name>
         <load_address>0xd834</load_address>
         <run_address>0xd834</run_address>
         <size>0x2aa</size>
         <input_file_ref idref="fl-df"/>
      </object_component>
      <object_component id="oc-2aa">
         <name>.debug_info</name>
         <load_address>0xdade</load_address>
         <run_address>0xdade</run_address>
         <size>0x10c</size>
         <input_file_ref idref="fl-e0"/>
      </object_component>
      <object_component id="oc-1d3">
         <name>.debug_info</name>
         <load_address>0xdbea</load_address>
         <run_address>0xdbea</run_address>
         <size>0x283</size>
         <input_file_ref idref="fl-e0"/>
      </object_component>
      <object_component id="oc-2b4">
         <name>.debug_info</name>
         <load_address>0xde6d</load_address>
         <run_address>0xde6d</run_address>
         <size>0x106</size>
         <input_file_ref idref="fl-e1"/>
[...]
      </symbol>
      <symbol id="sm-543">
         <name>powl</name>
         <value>0x1e01</value>
         <object_component_ref idref="oc-f1"/>
      </symbol>
      <symbol id="sm-567">
         <name>sqrtl</name>
         <value>0x4f75</value>
         <object_component_ref idref="oc-18f"/>
      </symbol>
      <symbol id="sm-568">
         <name>sqrt</name>
         <value>0x4f75</value>
         <object_component_ref idref="oc-18f"/>
      </symbol>
      <symbol id="sm-570">
         <name>errno</name>
         <value>0x20002084</value>
         <object_component_ref idref="oc-195"/>
      </symbol>
      <symbol id="sm-591">
         <name>C$$EXIT</name>
         <value>0x64b5</value>
         <object_component_ref idref="oc-74"/>
      </symbol>
      <symbol id="sm-592">
         <name>abort</name>
         <value>0x64b9</value>
         <object_component_ref idref="oc-74"/>
      </symbol>
      <symbol id="sm-593">
         <name>exit</name>
         <value>0x64c1</value>
         <object_component_ref idref="oc-74"/>
      </symbol>
      <symbol id="sm-594">
         <name>__TI_dtors_ptr</name>
         <value>0x20002050</value>
         <object_component_ref idref="oc-ba"/>
      </symbol>
      <symbol id="sm-595">
         <name>__TI_cleanup_ptr</name>
         <value>0x2000204c</value>
         <object_component_ref idref="oc-ba"/>
      </symbol>
      <symbol id="sm-596">
         <name>__TI_enable_exit_profile_output</name>
         <value>0x20002054</value>
         <object_component_ref idref="oc-ba"/>
      </symbol>
      <symbol id="sm-5ad">
         <name>__aeabi_dsub</name>
         <value>0x4dbd</value>
         <object_component_ref idref="oc-185"/>
      </symbol>
      <symbol id="sm-5ae">
         <name>__aeabi_dadd</name>
         <value>0x4dc7</value>
         <object_component_ref idref="oc-185"/>
      </symbol>
      <symbol id="sm-5d0">
         <name>__aeabi_cdcmpeq</name>
         <value>0x6005</value>
         <object_component_ref idref="oc-19b"/>
      </symbol>
      <symbol id="sm-5d1">
         <name>__aeabi_cdcmple</name>
         <value>0x6005</value>
         <object_component_ref idref="oc-19b"/>
      </symbol>
      <symbol id="sm-5d2">
         <name>__aeabi_cdrcmple</name>
         <value>0x608b</value>
         <object_component_ref idref="oc-1a0"/>
      </symbol>
      <symbol id="sm-5e6">
         <name>__aeabi_ddiv</name>
         <value>0x54e9</value>
         <object_component_ref idref="oc-18a"/>
      </symbol>
      <symbol id="sm-5f1">
         <name>__aeabi_dmul</name>
         <value>0x5879</value>
         <object_component_ref idref="oc-f7"/>
      </symbol>
      <symbol id="sm-5fb">
         <name>__aeabi_d2iz</name>
         <value>0x65a1</value>
         <object_component_ref idref="oc-fc"/>
      </symbol>
      <symbol id="sm-605">
         <name>__aeabi_i2d</name>
         <value>0x664d</value>
         <object_component_ref idref="oc-ec"/>
      </symbol>
      <symbol id="sm-620">
         <name>memcpy</name>
         <value>0x5db1</value>
         <object_component_ref idref="oc-37"/>
      </symbol>
      <symbol id="sm-621">
         <name>__aeabi_memcpy</name>
         <value>0x5db1</value>
         <object_component_ref idref="oc-37"/>
      </symbol>
      <symbol id="sm-622">
         <name>__aeabi_memcpy8</name>
         <value>0x5db1</value>
         <object_component_ref idref="oc-37"/>
      </symbol>
      <symbol id="sm-623">
         <name>__aeabi_memcpy4</name>
         <value>0x5db1</value>
         <object_component_ref idref="oc-37"/>
      </symbol>
      <symbol id="sm-697">
         <name>_sys_memory</name>
         <value>0x20001270</value>
         <object_component_ref idref="oc-2b"/>
      </symbol>
      <symbol id="sm-698">
         <name>free</name>
         <value>0x38b7</value>
         <object_component_ref idref="oc-224"/>
      </symbol>
      <symbol id="sm-699">
         <name>realloc</name>
         <value>0x3979</value>
         <object_component_ref idref="oc-224"/>
      </symbol>
      <symbol id="sm-69a">
         <name>memalign</name>
         <value>0x3a85</value>
         <object_component_ref idref="oc-224"/>
      </symbol>
      <symbol id="sm-69b">
         <name>calloc</name>
         <value>0x3b69</value>
         <object_component_ref idref="oc-224"/>
      </symbol>
      <symbol id="sm-69c">
         <name>malloc</name>
         <value>0x384f</value>
         <object_component_ref idref="oc-224"/>
      </symbol>
      <symbol id="sm-69d">
         <name>minit</name>
         <value>0x37c1</value>
         <object_component_ref idref="oc-224"/>
      </symbol>
      <symbol id="sm-6ac">
         <name>__aeabi_memset</name>
         <value>0x6113</value>
         <object_component_ref idref="oc-50"/>
      </symbol>
      <symbol id="sm-6ad">
         <name>memset</name>
         <value>0x6119</value>
         <object_component_ref idref="oc-50"/>
      </symbol>
      <symbol id="sm-6ae">
         <name>__aeabi_memset8</name>
         <value>0x6113</value>
         <object_component_ref idref="oc-50"/>
      </symbol>
      <symbol id="sm-6af">
         <name>__aeabi_memset4</name>
         <value>0x6113</value>
         <object_component_ref idref="oc-50"/>
      </symbol>
      <symbol id="sm-6b0">
         <name>__aeabi_memclr8</name>
         <value>0x6111</value>
         <object_component_ref idref="oc-50"/>
      </symbol>
      <symbol id="sm-6b1">
         <name>__aeabi_memclr4</name>
         <value>0x6111</value>
         <object_component_ref idref="oc-50"/>
      </symbol>
      <symbol id="sm-6b2">
         <name>__aeabi_memclr</name>
         <value>0x6111</value>
         <object_component_ref idref="oc-50"/>
      </symbol>
      <symbol id="sm-6bc">
         <name>__mpu_init</name>
         <value>0x4f73</value>
         <object_component_ref idref="oc-5c"/>
      </symbol>
      <symbol id="sm-6c6">
         <name>_system_pre_init</name>
         <value>0x67d5</value>
         <object_component_ref idref="oc-62"/>
      </symbol>
      <symbol id="sm-6e4">
         <name>printf</name>
         <value>0x6205</value>
         <object_component_ref idref="oc-147"/>
      </symbol>
      <symbol id="sm-706">
         <name>scalbn</name>
         <value>0x5975</value>
         <object_component_ref idref="oc-1a5"/>
      </symbol>
      <symbol id="sm-707">
         <name>scalbnl</name>
         <value>0x5975</value>
         <object_component_ref idref="oc-1a5"/>
      </symbol>
      <symbol id="sm-708">
         <name>ldexpl</name>
         <value>0x5975</value>
         <object_component_ref idref="oc-1a5"/>
      </symbol>
      <symbol id="sm-709">
         <name>ldexp</name>
         <value>0x5975</value>
         <object_component_ref idref="oc-1a5"/>
      </symbol>
      <symbol id="sm-711">
         <name>main_func_sp</name>
         <value>0x2000208c</value>
         <object_component_ref idref="oc-7a"/>
      </symbol>
      <symbol id="sm-720">
         <name>strcmp</name>
         <value>0x6709</value>
         <object_component_ref idref="oc-1cb"/>
      </symbol>
      <symbol id="sm-72e">
         <name>strcpy</name>
         <value>0x6761</value>
         <object_component_ref idref="oc-1d1"/>
      </symbol>
      <symbol id="sm-73c">
         <name>strlen</name>
         <value>0x6775</value>
         <object_component_ref idref="oc-1e1"/>
      </symbol>
      <symbol id="sm-746">
         <name>__aeabi_ui2d</name>
         <value>0x669b</value>
         <object_component_ref idref="oc-172"/>
      </symbol>
      <symbol id="sm-767">
         <name>vsnprintf</name>
         <value>0x5f7d</value>
         <object_component_ref idref="oc-1c5"/>
      </symbol>
      <symbol id="sm-780">
         <name>_nop</name>
         <value>0x6747</value>
         <object_component_ref idref="oc-15f"/>
      </symbol>
      <symbol id="sm-781">
         <name>_lock</name>
         <value>0x20002070</value>
         <object_component_ref idref="oc-bd"/>
      </symbol>
      <symbol id="sm-782">
         <name>_unlock</name>
         <value>0x20002074</value>
         <object_component_ref idref="oc-bd"/>
      </symbol>
      <symbol id="sm-783">
         <name>_register_lock</name>
         <value>0x673f</value>
         <object_component_ref idref="oc-15f"/>
      </symbol>
      <symbol id="sm-784">
         <name>_register_unlock</name>
         <value>0x6739</value>
         <object_component_ref idref="oc-15f"/>
      </symbol>
      <symbol id="sm-88b">
         <name>__TI_printfi</name>
         <value>0x1077</value>
         <object_component_ref idref="oc-264"/>
      </symbol>
      <symbol id="sm-89f">
         <name>_args_main</name>
         <value>0x66f1</value>
         <object_component_ref idref="oc-6e"/>
      </symbol>
      <symbol id="sm-8b5">
         <name>atoi</name>
         <value>0x6509</value>
         <object_component_ref idref="oc-327"/>
      </symbol>
      <symbol id="sm-8da">
         <name>__TI_auto_init</name>
         <value>0x618d</value>
         <object_component_ref idref="oc-68"/>
      </symbol>
      <symbol id="sm-8f4">
         <name>copy_in</name>
         <value>0x6555</value>
         <object_component_ref idref="oc-a4"/>
      </symbol>
      <symbol id="sm-8ff">
         <name>_ctypes_</name>
         <value>0x67d8</value>
         <object_component_ref idref="oc-388"/>
      </symbol>
      <symbol id="sm-914">
         <name>__TI_tmpnams</name>
         <value>0x20001b90</value>
      </symbol>
      <symbol id="sm-915">
         <name>__aeabi_stdout</name>
         <value>0x20002044</value>
         <object_component_ref idref="oc-363"/>
      </symbol>
      <symbol id="sm-916">
         <name>__aeabi_stderr</name>
         <value>0x20002048</value>
         <object_component_ref idref="oc-363"/>
      </symbol>
      <symbol id="sm-917">
         <name>__aeabi_stdin</name>
         <value>0x20002040</value>
         <object_component_ref idref="oc-363"/>
      </symbol>
      <symbol id="sm-918">
         <name>_ftable</name>
         <value>0x20001d88</value>
         <object_component_ref idref="oc-26a"/>
      </symbol>
      <symbol id="sm-919">
         <name>__TI_ft_end</name>
         <value>0x2000203c</value>
         <object_component_ref idref="oc-363"/>
      </symbol>
      <symbol id="sm-930">
         <name>putc</name>
         <value>0x5ee5</value>
         <object_component_ref idref="oc-258"/>
      </symbol>
      <symbol id="sm-931">
         <name>fputc</name>
         <value>0x5ee5</value>
         <object_component_ref idref="oc-258"/>
      </symbol>
      <symbol id="sm-932">
         <name>putchar</name>
         <value>0x5f69</value>
         <object_component_ref idref="oc-258"/>
      </symbol>
      <symbol id="sm-954">
         <name>puts</name>
         <value>0x572d</value>
         <object_component_ref idref="oc-25e"/>
      </symbol>
      <symbol id="sm-955">
         <name>fputs</name>
         <value>0x5621</value>
         <object_component_ref idref="oc-25e"/>
      </symbol>
      <symbol id="sm-9a3">
         <name>open</name>
         <value>0x438b</value>
         <object_component_ref idref="oc-2fa"/>
      </symbol>
      <symbol id="sm-9a4">
         <name>add_device</name>
         <value>0x44ad</value>
         <object_component_ref idref="oc-2fa"/>
      </symbol>
      <symbol id="sm-9a5">
         <name>remove_device</name>
         <value>0x433f</value>
         <object_component_ref idref="oc-2fa"/>
      </symbol>
      <symbol id="sm-9a6">
         <name>lseek</name>
         <value>0x4439</value>
         <object_component_ref idref="oc-2fa"/>
      </symbol>
      <symbol id="sm-9a7">
         <name>read</name>
         <value>0x4367</value>
         <object_component_ref idref="oc-2fa"/>
      </symbol>
      <symbol id="sm-9a8">
         <name>rename</name>
         <value>0x4301</value>
         <object_component_ref idref="oc-2fa"/>
      </symbol>
      <symbol id="sm-9a9">
         <name>write</name>
         <value>0x424d</value>
         <object_component_ref idref="oc-2fa"/>
      </symbol>
      <symbol id="sm-9aa">
         <name>close</name>
         <value>0x445d</value>
         <object_component_ref idref="oc-2fa"/>
      </symbol>
      <symbol id="sm-9ab">
         <name>unlink</name>
         <value>0x42dd</value>
         <object_component_ref idref="oc-2fa"/>
      </symbol>
      <symbol id="sm-9ba">
         <name>ltoa</name>
         <value>0x6409</value>
         <object_component_ref idref="oc-30f"/>
      </symbol>
      <symbol id="sm-9ca">
         <name>memccpy</name>
         <value>0x66bb</value>
         <object_component_ref idref="oc-321"/>
      </symbol>
      <symbol id="sm-9da">
         <name>memchr</name>
         <value>0x667b</value>
         <object_component_ref idref="oc-302"/>
      </symbol>
      <symbol id="sm-9e4">
         <name>copysign</name>
         <value>0x674d</value>
         <object_component_ref idref="oc-287"/>
      </symbol>
      <symbol id="sm-9e5">
         <name>copysignl</name>
         <value>0x674d</value>
         <object_component_ref idref="oc-287"/>
      </symbol>
      <symbol id="sm-9fb">
         <name>frexpl</name>
         <value>0x63a5</value>
         <object_component_ref idref="oc-315"/>
      </symbol>
      <symbol id="sm-9fc">
         <name>frexp</name>
         <value>0x63a5</value>
         <object_component_ref idref="oc-315"/>
      </symbol>
      <symbol id="sm-a06">
         <name>_system_post_cinit</name>
         <value>0x561f</value>
         <object_component_ref idref="oc-aa"/>
      </symbol>
      <symbol id="sm-a16">
         <name>strchr</name>
         <value>0x6721</value>
         <object_component_ref idref="oc-31b"/>
      </symbol>
      <symbol id="sm-a26">
         <name>strncpy</name>
         <value>0x661d</value>
         <object_component_ref idref="oc-368"/>
      </symbol>
      <symbol id="sm-a4e">
         <name>HOSTgetenv</name>
         <value>0x4189</value>
         <object_component_ref idref="oc-3ad"/>
      </symbol>
      <symbol id="sm-a4f">
         <name>HOSTrename</name>
         <value>0x4031</value>
         <object_component_ref idref="oc-3ad"/>
      </symbol>
      <symbol id="sm-a50">
         <name>HOSTclose</name>
         <value>0x41c7</value>
         <object_component_ref idref="oc-3ad"/>
      </symbol>
      <symbol id="sm-a51">
         <name>HOSTtime64</name>
         <value>0x3fad</value>
         <object_component_ref idref="oc-3ad"/>
      </symbol>
      <symbol id="sm-a52">
         <name>HOSTunlink</name>
         <value>0x3f75</value>
         <object_component_ref idref="oc-3ad"/>
      </symbol>
      <symbol id="sm-a53">
         <name>HOSTlseek</name>
         <value>0x412d</value>
         <object_component_ref idref="oc-3ad"/>
      </symbol>
      <symbol id="sm-a54">
         <name>HOSTopen</name>
         <value>0x40db</value>
         <object_component_ref idref="oc-3ad"/>
      </symbol>
      <symbol id="sm-a55">
         <name>HOSTclock</name>
         <value>0x41ff</value>
         <object_component_ref idref="oc-3ad"/>
      </symbol>
      <symbol id="sm-a56">
         <name>HOSTwrite</name>
         <value>0x3f29</value>
         <object_component_ref idref="oc-3ad"/>
      </symbol>
      <symbol id="sm-a57">
         <name>HOSTread</name>
         <value>0x408f</value>
         <object_component_ref idref="oc-3ad"/>
      </symbol>
      <symbol id="sm-a58">
         <name>HOSTtime</name>
         <value>0x3ff7</value>
         <object_component_ref idref="oc-3ad"/>
      </symbol>
      <symbol id="sm-a73">
         <name>__TI_readmsg</name>
         <value>0x630b</value>
         <object_component_ref idref="oc-3da"/>
      </symbol>
      <symbol id="sm-a74">
         <name>C$$IO$$</name>
         <value>0x6307</value>
         <object_component_ref idref="oc-3da"/>
      </symbol>
      <symbol id="sm-a75">
         <name>__CIOBUF_</name>
         <value>0x20001a70</value>
         <object_component_ref idref="oc-3f1"/>
      </symbol>
      <symbol id="sm-a76">
         <name>__TI_writemsg</name>
         <value>0x62d9</value>
         <object_component_ref idref="oc-3da"/>
      </symbol>
      <symbol id="sm-a92">
         <name>__aeabi_uldivmod</name>
         <value>0x4845</value>
         <object_component_ref idref="oc-30a"/>
      </symbol>
      <symbol id="sm-ab0">
         <name>__TI_wrt_ok</name>
         <value>0x5d05</value>
         <object_component_ref idref="oc-2ee"/>
      </symbol>
      <symbol id="sm-ab1">
         <name>__TI_rd_ok</name>
         <value>0x5d67</value>
         <object_component_ref idref="oc-2ee"/>
      </symbol>
      <symbol id="sm-acb">
         <name>__TI_doflush</name>
         <value>0x5c3d</value>
         <object_component_ref idref="oc-2f4"/>
      </symbol>
      <symbol id="sm-acc">
         <name>fflush</name>
         <value>0x5c89</value>
         <object_component_ref idref="oc-2f4"/>
      </symbol>
      <symbol id="sm-ade">
         <name>fseek</name>
         <value>0x6341</value>
         <object_component_ref idref="oc-355"/>
      </symbol>
      <symbol id="sm-afa">
         <name>setvbuf</name>
         <value>0x5b61</value>
         <object_component_ref idref="oc-35b"/>
      </symbol>
      <symbol id="sm-b2c">
         <name>__TI_cleanup</name>
         <value>0x4b01</value>
         <object_component_ref idref="oc-398"/>
      </symbol>
      <symbol id="sm-b2d">
         <name>freopen</name>
         <value>0x4b2d</value>
         <object_component_ref idref="oc-398"/>
      </symbol>
      <symbol id="sm-b2e">
         <name>fopen</name>
         <value>0x4b57</value>
         <object_component_ref idref="oc-398"/>
      </symbol>
      <symbol id="sm-b44">
         <name>__TI_closefile</name>
         <value>0x5e4d</value>
         <object_component_ref idref="oc-3cd"/>
      </symbol>
      <symbol id="sm-b45">
         <name>fclose</name>
         <value>0x5eb3</value>
         <object_component_ref idref="oc-3cd"/>
      </symbol>
      <symbol id="sm-b66">
         <name>IntRegister</name>
         <value>0x65e9</value>
         <object_component_ref idref="oc-119"/>
      </symbol>
      <symbol id="sm-b67">
         <name>g_pfnRAMVectors</name>
         <value>0x20000000</value>
         <object_component_ref idref="oc-201"/>
      </symbol>
      <symbol id="sm-b68">
         <name>IntMasterEnable</name>
         <value>0x6789</value>
         <object_component_ref idref="oc-11f"/>
      </symbol>
      <symbol id="sm-b72">
         <name>CPUcpsie</name>
         <value>0x67b7</value>
         <object_component_ref idref="oc-206"/>
      </symbol>
      <symbol id="sm-b73">
         <name>__TI_static_base__</name>
         <value>0x0</value>
      </symbol>
      <symbol id="sm-b76">
         <name>SHT$$INIT_ARRAY$$Limit</name>
         <value>0x0</value>
      </symbol>
      <symbol id="sm-b77">
         <name>SHT$$INIT_ARRAY$$Base</name>
         <value>0x0</value>
      </symbol>
      <symbol id="sm-b78">
         <name>remove</name>
         <value>0x42dd</value>
      </symbol>
   </symbol_table>
   <title>Link successful</title>
</link_info>
